// Jest Snapshot v1, https://goo.gl/fbAQLP

exports[`Prueba en <gifItem/> Prueba de snapshot 1`] = `
<div>
  <div
    class="card"
  >
    <img
      alt="Naruto"
      src="https://naruto.com/"
    />
    <p>
      Naruto
    </p>
  </div>
</div>
`;
